## Reflection — Feature: alpha

You are in the REFLECT phase for this repo at /repo.

Goal:

- perform a strict code review of the current change set
- ensure changes match SPEC/PLAN/TASKS and are correct, minimal, and consistent

Context docs (read first):

- CONSTITUTION: /repo/docs/CONSTITUTION.md
- PROJECT SUMMARY: /repo/docs/PROJECT_PROGRESS_SUMMARY.md
- SPEC: /repo/docs/specs/0001-alpha/SPEC.md
- PLAN: /repo/docs/specs/0001-alpha/PLAN.md
- TASKS: /repo/docs/specs/0001-alpha/TASKS.md

Steps:

1. Snapshot the change set (do not skip)
   - git status
   - git diff
   - git diff --staged
   - git log -n 20 --oneline --decorate
2. Verification evidence
   - no local verification run found for `0001-alpha`
   - run `kit verify alpha` and cite the resulting run ID before marking reflection complete
3. Build a review map
   - list changed files
   - for each file, state the intent in one line
   - identify risk areas (parsing, IO, error handling, concurrency, CLI UX)
4. Verify correctness against docs
   - SPEC: ensure requirements + acceptance are fully satisfied
   - PLAN: ensure decisions were followed
   - TASKS: ensure every task marked done is actually done
   - ensure no scope creep
5. Quality gates (hard checks)
   - zero-known-defects gate: do not mark reflection complete until all gates pass with evidence
   - required evidence gates: unresolved assumptions = 0; acceptance criteria mapped 1:1 to outputs; build/compile succeeds; lint/typecheck/test failures = 0; unrelated diff scope = 0
   - lint + tests are absolute gates: fix ALL failures before completion, including pre-existing and out-of-scope failures
   - if any gate fails: stop, report the exact failure, and propose the next fix
   - correctness: no panics, no silent failures
   - errors: wrapped/propagated with context, no swallowed errors
   - IO: paths resolved safely, no surprising writes
   - determinism: stable ordering in outputs
   - regression tests: add comprehensive tests for all completed work to prevent future bugs
     - test happy path, error cases, edge cases, boundary conditions
     - ensure tests fail without the implementation (tests validate the test itself)
   - docs: update only if behavior changed
   - agent-readability: code optimized for agent understanding and future iteration
6. Correctness checklist
   - [ ] Code compiles without errors
   - [ ] Changes implement the intended task(s)
   - [ ] Implementation matches PLAN.md approach
   - [ ] Requirements from SPEC.md are satisfied
   - [ ] Changes respect CONSTITUTION.md constraints
   - [ ] No syntax errors or typos
   - [ ] Variable and function names are consistent
   - [ ] Imports are correct and used
   - [ ] Error handling is complete
   - [ ] Edge cases from SPEC.md are handled
   - [ ] No debug code or TODOs left behind
   - [ ] Style matches project conventions
   - [ ] Tests added/updated for all completed work
   - [ ] Tests cover happy path, error cases, and edge cases
   - [ ] Tests validate the implementation, not just pass trivially
   - [ ] Test names clearly describe what is being tested
   - [ ] All lint and test failures are fixed, including failures outside the feature scope
   - [ ] Code is written for agent readability and future iteration
7. Agent-optimized code structure
   Code should be built for agent readability and understanding, enabling both current and future agents to:
   - understand intent quickly: clear names, single responsibility, minimal nesting
   - modify safely: explicit error handling, testable design, clear contracts
   - extend effectively: composable pieces, discoverable patterns, good examples
   Checks:
   - [ ] Function/method names clearly describe what they do
   - [ ] Functions have single, well-defined responsibility
   - [ ] Complex logic is broken into named helper functions
   - [ ] Type names and fields describe their purpose
   - [ ] Public interfaces are documented with clear examples
   - [ ] Error paths are explicit, not silent
   - [ ] Dependencies are injected, not hidden in closures
   - [ ] Code avoids clever tricks; readability wins over cleverness
   - [ ] Configuration and magic numbers are named constants
   - [ ] Similar patterns use consistent approaches across codebase
8. Cleanliness
   - remove dead code
   - remove unused exports and any public surface that is not strictly necessary
   - if an exported symbol is only used locally, reduce its visibility instead of keeping it exported
   - remove debug prints
   - remove unused flags/options
   - keep public surfaces small
   - ensure code is written for agent and human understanding
9. Documentation generation
   - if exists, use the repositories documentation generation tools to update any affected documentation
   - always update affected documentation and ensure all touched documents are current and properly formatted
   - ensure documentation is agent-readable: clear structure, explicit examples, complete contracts
   - document public APIs with examples showing both normal usage and error handling
10. Project refresh advisory gate
    - decide whether this work revealed durable project-wide rules, constraints, vocabulary, conventions, or workflow changes
    - if yes, run `kit prompt project refresh` and refresh project-level docs before final handoff
    - if no, state `no project refresh needed` in the reflection notes
11. **GitHub delivery hard gate**
    - If the user asks to create or mutate an issue, branch, staging, commit, push, or pull request, stop before that mutation
    - Treat the delivery request as a new mutation boundary even when implementation or reflection is already complete
    - In a Kit-managed project, repo-local Kit delivery rules outrank global GitHub/plugin defaults
    - Load `.kit.yaml`, `docs/agents/README.md`, `docs/agents/GUARDRAILS.md`, `docs/agents/TOOLING.md`, relevant `docs/references/rules/*`, and GitHub templates before delivery
    - Re-run and report branch/status/staleness recon: `pwd`, `git status --short --branch`, `git remote -v`, current branch, default/base branch, active PRs for the current branch, matching issues, and git author/committer identity
    - Resolve issue source, issue number/link, branch name, branch base, staging method, commit format, PR title format, PR template, draft/ready state, required checks, cross-repo dependencies, and unknowns/blockers
    - Output the Delivery Contract before mutation; if any field is unknown, ambiguous, missing, or conflicts with generic defaults, stop and ask
    - Do not use `codex/*` branches, ad hoc issue/PR bodies, draft PRs by default, bulk staging, generic commit messages, or PRs that omit the repo template unless the Kit contract or user explicitly overrides it
12. Final pass
    - rerun:
      - git status
      - git diff
      - git diff --staged
    - summarize remaining issues, if any
    - propose next steps
13. Mark reflection complete
    - once all issues are resolved and confidence is 100%
    - append the following marker to the end of TASKS.md:
      <!-- REFLECTION_COMPLETE -->
    - this marker signals that the feature has completed the full development cycle

## Final Response Contract

End your final response with these exact headings, in this order. Keep it concise and use repo-relative paths for every file or artifact path.

### Changeset

- List repo-relative changed files and tight bullets for the key diffs.

### Verification

- State exactly what ran, including run IDs when available; if not run, write `not run` and the reason.

### Review Findings

- List findings fixed during reflection and any remaining risks; write `none` when clean.

### Doc Trace

- Report pass/fail notes for BRAINSTORM, SPEC, PLAN, and TASKS when feature-scoped; otherwise write `not applicable`.

### Final Status

- State whether reflection is complete, whether TASKS.md was marked with REFLECTION_COMPLETE, and whether project refresh was needed.

### Follow-ups

- List follow-up work, or write `none`.

## Rules

- be strict
- no fluff
- fix issues before reporting them as "known"
- keep diffs minimal
- PROJECT_PROGRESS_SUMMARY.md must reflect the highest completed artifact per feature at all times
